[3, 1, 4, 1, 5, 9, 2, 6] 8 3 6
7 [3, 10, 4, 1, 5, 9, 2, 6]
[1, 2, 3, 4, 5, 6, 9, 10] [10, 9, 6, 5, 4, 3, 2, 1]
[6, 20, 8, 2, 10, 18, 4, 12]
[10, 4, 2, 6]
40 40 1 10
0:3,1:10,2:4,3:1,4:5,5:9,6:2,7:6
[4, 1, 5] [2, 6]
[1, 2, 3] [0, 0, 0] [1, 2, [3]]
[1, 2, 3] true 1
[[1, "a"], [2, "b"]] [[0, "x"], [1, "y"]]
true false 2 5
[0, 1, 2] -1 [0, 1, 2]
["fig", "apple", "banana"]
{"name": "太郎", "age": 20, "好きな色": "青"} 3
太郎 青
["name", "age", "好きな色", "city"] ["太郎", 21, "青", "東京"]
true true なし
[["name", "太郎"], ["age", 21], ["好きな色", "青"]]
name = 太郎
age = 21
好きな色 = 青
{"user": {"tags": ["a", "b", "c"]}}
{"a": 1, "b": 3, "c": 4}
{"name": "x", "n": 1}
{1: "one", true: "yes", nil: "nil"}
true true false
1..5 5 [1, 2, 3, 4, 5] [1, 2, 3, 4] 3
[0, 1, 2, 3, 4] [10, 7, 4, 1] true false
[1, 2, 3] [1, 2]
2 1
F S
