捕捉: 0で除算しました
捕捉: 自作のエラー
finally は必ず実行
404 見つかりません
10 エラー: 負の数です
後片付け
try の戻り値
内側: 未定義の変数 'undefined_var'
外側: 再送出: 未定義の変数 'undefined_var'
'+' で文字列と数値は連結できません（str() で変換するか "{x}" の埋め込みを使ってください）
演算子 '-' には数値が必要です（string と number が渡されました）
リストの添字 5 が範囲外です（長さ 2）
キー "b" が存在しません
キー "b" が存在しません
nil は関数ではないので呼び出せません
len() の第1引数には 文字列・リスト・マップ・範囲 が必要です（number が渡されました）
エラーなし
<無名関数>() の引数が足りません（1 個必要ですが 0 個渡されました）
文字列は変更できません
演算子 '<' で number と string は比較できません
"abc" は数値に変換できません
空のリストから pop() できません
0で剰余演算しました
number に対するメソッド 'nosuchmethod' が見つかりません
アサーション失敗
Laping: リストの添字 10 が範囲外です（長さ 3） (91行目)
    inner() の呼び出し元: 87行目
    outer() の呼び出し元: 93行目
