▶ language_test.lp
  ✓ 足し算ができる
  ✗ 失敗すると左辺と右辺を表示する
      expect が失敗しました: 左辺は 4、右辺は 5
      場所: language_test.lp:10
      ヒント: 条件 '==' が成り立ちませんでした
  ✗ エラーも失敗として報告する
      キー "nmae" が存在しません
      場所: language_test.lp:15
      ヒント: もしかして 'name' ですか？
  ✓ test の中の変数は外に漏れない
  ✓ 漏れていないことを確認

✗ 5 件中 2 件が失敗しました
