こんにちは、世界！
計算: 7, リスト: [1, 2], 入れ子: 内側世界
波かっこ: { } シングルクオートは {展開しない}
改行
タブ	終わり
😀 あ
5 こ は んに
あ -い -う -
HELLO hello 空白
["a", "b", "", "c"] ["the", "quick", "fox"] ["a", "b", "c"]
x / y / z bANANa
true true true
cba 語本日 ["日", "本"]
65 a 12354 あ
42! 4.5 12 31 false true
ababab ----------
007 ab   | 3.14
true true
"引用\"符\n" string
1行目
2行目
2 false
