[30, 40, 50, 60, 90]
55 ABC 4
8080
localhost
なし 範囲外 nil
0  false
引数なし
太郎 不明
奇数
中
true false true true 1
true true true true true true true
[1, 4, 9, 16, 25]
["日", "語"]
{"apple": 5, "kiwi": 4}
["a=1", "b=2"]
- 1
- 3
★★★
ラップ ラップ 
4
春 夏 冬
五 nil
42 [2, 3, 4]
[花子  ]   95.50 点 [**中央**] 3.142
太郎 は    82 点（91.2%）
有り
エラー: name がありません
